{
  "categories": [
    [
      "test-pass",
      0,
      {
        "Plain": [
          {
            "color_idx": 0,
            "name": "build-pass (local)",
            "res": "test-pass",
            "runs": [
              {
                "color_idx": 2,
                "log": "stable/local/build-pass",
                "name_idx": 0
              },
              {
                "color_idx": 2,
                "log": "stable%2Brustflags=-Dclippy::all/local/build-pass",
                "name_idx": 0
              }
            ],
            "url": "https://github.com/rust-lang/crater/tree/HEAD/local-crates/build-pass"
          }
        ]
      }
    ],
    [
      "regressed",
      1,
      {
        "Tree": {
          "count": 0,
          "tree": {}
        }
      }
    ],
    [
      "regressed",
      1,
      {
        "RootResults": {
          "count": 1,
          "results": {
            "build compiler-error(clippy::print_with_newline)": [
              {
                "color_idx": 1,
                "name": "clippy-warn (local)",
                "res": "regressed",
                "runs": [
                  {
                    "color_idx": 2,
                    "log": "stable/local/clippy-warn",
                    "name_idx": 0
                  },
                  {
                    "color_idx": 1,
                    "log": "stable%2Brustflags=-Dclippy::all/local/clippy-warn",
                    "name_idx": 1
                  }
                ],
                "url": "https://github.com/rust-lang/crater/tree/HEAD/local-crates/clippy-warn"
              }
            ]
          }
        }
      }
    ]
  ],
  "colors": [
    {
      "Single": "#72a156"
    },
    {
      "Single": "#db3026"
    },
    {
      "Single": "#62a156"
    }
  ],
  "crates_count": 2,
  "full": true,
  "info": {
    "regressed": 1,
    "test-pass": 1
  },
  "nav": [
    {
      "active": false,
      "label": "Summary",
      "url": "index.html"
    },
    {
      "active": true,
      "label": "Full report",
      "url": "full.html"
    },
    {
      "active": false,
      "label": "Downloads",
      "url": "downloads.html"
    }
  ],
  "result_names": [
    "test passed",
    "build compiler error"
  ]
}
