{
  "crates": [
    {
      "krate": {
        "Local": "build-pass"
      },
      "name": "build-pass (local)",
      "res": "test-pass",
      "runs": [
        {
          "log": "stable/local/build-pass",
          "res": "test-pass"
        },
        {
          "log": "stable%2Brustflags=-Dclippy::all/local/build-pass",
          "res": "test-pass"
        }
      ],
      "url": "https://github.com/rust-lang/crater/tree/HEAD/local-crates/build-pass"
    },
    {
      "krate": {
        "Local": "clippy-warn"
      },
      "name": "clippy-warn (local)",
      "res": "regressed",
      "runs": [
        {
          "log": "stable/local/clippy-warn",
          "res": "test-pass"
        },
        {
          "log": "stable%2Brustflags=-Dclippy::all/local/clippy-warn",
          "res": "build-fail:compiler-error(clippy::print_with_newline)"
        }
      ],
      "url": "https://github.com/rust-lang/crater/tree/HEAD/local-crates/clippy-warn"
    }
  ]
}
