{
  "categories": [
    [
      "skipped",
      0,
      {
        "Plain": [
          {
            "color_idx": 0,
            "name": "build-fail (local)",
            "res": "skipped",
            "runs": [
              null,
              null
            ],
            "url": "https://github.com/rust-lang/crater/tree/HEAD/local-crates/build-fail"
          }
        ]
      }
    ],
    [
      "test-pass",
      1,
      {
        "Plain": [
          {
            "color_idx": 1,
            "name": "build-pass (local)",
            "res": "test-pass",
            "runs": [
              {
                "color_idx": 3,
                "log": "stable/local/build-pass",
                "name_idx": 0
              },
              {
                "color_idx": 3,
                "log": "beta/local/build-pass",
                "name_idx": 0
              }
            ],
            "url": "https://github.com/rust-lang/crater/tree/HEAD/local-crates/build-pass"
          }
        ]
      }
    ],
    [
      "test-skipped",
      2,
      {
        "Plain": [
          {
            "color_idx": 2,
            "name": "test-fail (local)",
            "res": "test-skipped",
            "runs": [
              {
                "color_idx": 3,
                "log": "stable/local/test-fail",
                "name_idx": 1
              },
              {
                "color_idx": 3,
                "log": "beta/local/test-fail",
                "name_idx": 1
              }
            ],
            "url": "https://github.com/rust-lang/crater/tree/HEAD/local-crates/test-fail"
          }
        ]
      }
    ]
  ],
  "colors": [
    {
      "Striped": [
        "#494b4a",
        "#555555"
      ]
    },
    {
      "Single": "#72a156"
    },
    {
      "Striped": [
        "#72a156",
        "#80b65f"
      ]
    },
    {
      "Single": "#62a156"
    }
  ],
  "crates_count": 3,
  "full": true,
  "info": {
    "skipped": 1,
    "test-pass": 1,
    "test-skipped": 1
  },
  "nav": [
    {
      "active": false,
      "label": "Summary",
      "url": "index.html"
    },
    {
      "active": true,
      "label": "Full report",
      "url": "full.html"
    },
    {
      "active": false,
      "label": "Downloads",
      "url": "downloads.html"
    }
  ],
  "result_names": [
    "test passed",
    "test skipped"
  ]
}
