{
  "crates": [
    {
      "krate": {
        "Local": "build-fail"
      },
      "name": "build-fail (local)",
      "res": "skipped",
      "runs": [
        null,
        null
      ],
      "url": "https://github.com/rust-lang/crater/tree/HEAD/local-crates/build-fail"
    },
    {
      "krate": {
        "Local": "build-pass"
      },
      "name": "build-pass (local)",
      "res": "test-pass",
      "runs": [
        {
          "log": "stable/local/build-pass",
          "res": "test-pass"
        },
        {
          "log": "beta/local/build-pass",
          "res": "test-pass"
        }
      ],
      "url": "https://github.com/rust-lang/crater/tree/HEAD/local-crates/build-pass"
    },
    {
      "krate": {
        "Local": "test-fail"
      },
      "name": "test-fail (local)",
      "res": "test-skipped",
      "runs": [
        {
          "log": "stable/local/test-fail",
          "res": "test-skipped"
        },
        {
          "log": "beta/local/test-fail",
          "res": "test-skipped"
        }
      ],
      "url": "https://github.com/rust-lang/crater/tree/HEAD/local-crates/test-fail"
    }
  ]
}
