{
  "categories": [
    [
      "test-pass",
      0,
      {
        "Plain": [
          {
            "color_idx": 0,
            "name": "build-pass (local)",
            "res": "test-pass",
            "runs": [
              {
                "color_idx": 2,
                "log": "stable/local/build-pass",
                "name_idx": 0
              },
              {
                "color_idx": 2,
                "log": "beta/local/build-pass",
                "name_idx": 0
              }
            ],
            "url": "https://github.com/rust-lang/crater/tree/HEAD/local-crates/build-pass"
          }
        ]
      }
    ],
    [
      "spurious-fixed",
      1,
      {
        "Plain": [
          {
            "color_idx": 1,
            "name": "memory-hungry (local)",
            "res": "spurious-fixed",
            "runs": [
              {
                "color_idx": 3,
                "log": "stable/local/memory-hungry",
                "name_idx": 1
              },
              {
                "color_idx": 4,
                "log": "beta/local/memory-hungry",
                "name_idx": 2
              }
            ],
            "url": "https://github.com/rust-lang/crater/tree/HEAD/local-crates/memory-hungry"
          }
        ]
      }
    ]
  ],
  "colors": [
    {
      "Single": "#72a156"
    },
    {
      "Striped": [
        "#5630db",
        "#5d3dcf"
      ]
    },
    {
      "Single": "#62a156"
    },
    {
      "Single": "#db3026"
    },
    {
      "Single": "#65461e"
    }
  ],
  "crates_count": 2,
  "full": true,
  "info": {
    "spurious-fixed": 1,
    "test-pass": 1
  },
  "nav": [
    {
      "active": false,
      "label": "Summary",
      "url": "index.html"
    },
    {
      "active": true,
      "label": "Full report",
      "url": "full.html"
    },
    {
      "active": false,
      "label": "Downloads",
      "url": "downloads.html"
    }
  ],
  "result_names": [
    "test passed",
    "build OOM",
    "test OOM"
  ]
}
