{
  "categories": [
    [
      "spurious-fixed",
      {
        "Plain": [
          {
            "krate": {
              "Local": "memory-hungry"
            },
            "name": "memory-hungry (local)",
            "res": "spurious-fixed",
            "runs": [
              {
                "log": "stable/local/memory-hungry",
                "res": "build-fail:oom"
              },
              {
                "log": "beta/local/memory-hungry",
                "res": "test-fail:oom"
              }
            ],
            "url": "https://github.com/rust-lang/crater/tree/HEAD/local-crates/memory-hungry"
          }
        ]
      }
    ]
  ],
  "crates_count": 2,
  "full": false,
  "info": {
    "spurious-fixed": 1,
    "test-pass": 1
  }
}
