{
  "crates": [
    {
      "krate": {
        "Local": "build-pass"
      },
      "name": "build-pass (local)",
      "res": "test-pass",
      "runs": [
        {
          "log": "stable/local/build-pass",
          "res": "test-pass"
        },
        {
          "log": "beta/local/build-pass",
          "res": "test-pass"
        }
      ],
      "url": "https://github.com/rust-lang/crater/tree/master/local-crates/build-pass"
    },
    {
      "krate": {
        "Local": "memory-hungry"
      },
      "name": "memory-hungry (local)",
      "res": "spurious-fixed",
      "runs": [
        {
          "log": "stable/local/memory-hungry",
          "res": "build-fail:build-script"
        },
        {
          "log": "beta/local/memory-hungry",
          "res": "test-fail:oom"
        }
      ],
      "url": "https://github.com/rust-lang/crater/tree/master/local-crates/memory-hungry"
    }
  ]
}
