{
  "categories": [
    [
      "build-fail",
      0,
      {
        "Plain": [
          {
            "color_idx": 0,
            "name": "build-fail (local)",
            "res": "build-fail",
            "runs": [
              {
                "color_idx": 3,
                "log": "stable/local/build-fail",
                "name_idx": 0
              },
              {
                "color_idx": 3,
                "log": "beta/local/build-fail",
                "name_idx": 0
              }
            ],
            "url": "https://github.com/rust-lang/crater/tree/HEAD/local-crates/build-fail"
          }
        ]
      }
    ],
    [
      "test-pass",
      1,
      {
        "Plain": [
          {
            "color_idx": 1,
            "name": "build-pass (local)",
            "res": "test-pass",
            "runs": [
              {
                "color_idx": 4,
                "log": "stable/local/build-pass",
                "name_idx": 1
              },
              {
                "color_idx": 4,
                "log": "beta/local/build-pass",
                "name_idx": 1
              }
            ],
            "url": "https://github.com/rust-lang/crater/tree/HEAD/local-crates/build-pass"
          }
        ]
      }
    ],
    [
      "test-fail",
      2,
      {
        "Plain": [
          {
            "color_idx": 2,
            "name": "test-fail (local)",
            "res": "test-fail",
            "runs": [
              {
                "color_idx": 0,
                "log": "stable/local/test-fail",
                "name_idx": 2
              },
              {
                "color_idx": 0,
                "log": "beta/local/test-fail",
                "name_idx": 2
              }
            ],
            "url": "https://github.com/rust-lang/crater/tree/HEAD/local-crates/test-fail"
          }
        ]
      }
    ]
  ],
  "colors": [
    {
      "Single": "#65461e"
    },
    {
      "Single": "#72a156"
    },
    {
      "Single": "#788843"
    },
    {
      "Single": "#db3026"
    },
    {
      "Single": "#62a156"
    }
  ],
  "crates_count": 3,
  "full": true,
  "info": {
    "build-fail": 1,
    "test-fail": 1,
    "test-pass": 1
  },
  "nav": [
    {
      "active": false,
      "label": "Summary",
      "url": "index.html"
    },
    {
      "active": true,
      "label": "Full report",
      "url": "full.html"
    },
    {
      "active": false,
      "label": "Downloads",
      "url": "downloads.html"
    }
  ],
  "result_names": [
    "build failed (unknown)",
    "test passed",
    "test failed (unknown)"
  ]
}
