{
  "categories": [
    [
      "regressed",
      0,
      {
        "Tree": {
          "count": 1,
          "tree": {
            "rust-lang/crater/f190933e896443e285e3bb6962fb87d7439b8d65": [
              {
                "color_idx": 0,
                "name": "beta-faulty-deps (local)",
                "res": "regressed",
                "runs": [
                  {
                    "color_idx": 7,
                    "log": "stable/local/beta-faulty-deps",
                    "name_idx": 0
                  },
                  {
                    "color_idx": 0,
                    "log": "beta/local/beta-faulty-deps",
                    "name_idx": 1
                  }
                ],
                "url": "https://github.com/rust-lang/crater/tree/HEAD/local-crates/beta-faulty-deps"
              }
            ]
          }
        }
      }
    ],
    [
      "regressed",
      0,
      {
        "RootResults": {
          "count": 3,
          "results": {
            "build ICE": [
              {
                "color_idx": 0,
                "name": "ice-regression (local)",
                "res": "regressed",
                "runs": [
                  {
                    "color_idx": 0,
                    "log": "stable/local/ice-regression",
                    "name_idx": 3
                  },
                  {
                    "color_idx": 0,
                    "log": "beta/local/ice-regression",
                    "name_idx": 4
                  }
                ],
                "url": "https://github.com/rust-lang/crater/tree/HEAD/local-crates/ice-regression"
              }
            ],
            "build compiler-error(E0015)": [
              {
                "color_idx": 0,
                "name": "error-code (local)",
                "res": "regressed",
                "runs": [
                  {
                    "color_idx": 7,
                    "log": "stable/local/error-code",
                    "name_idx": 0
                  },
                  {
                    "color_idx": 0,
                    "log": "beta/local/error-code",
                    "name_idx": 3
                  }
                ],
                "url": "https://github.com/rust-lang/crater/tree/HEAD/local-crates/error-code"
              }
            ],
            "build failed (unknown)": [
              {
                "color_idx": 0,
                "name": "beta-regression (local)",
                "res": "regressed",
                "runs": [
                  {
                    "color_idx": 7,
                    "log": "stable/local/beta-regression",
                    "name_idx": 0
                  },
                  {
                    "color_idx": 0,
                    "log": "beta/local/beta-regression",
                    "name_idx": 2
                  }
                ],
                "url": "https://github.com/rust-lang/crater/tree/HEAD/local-crates/beta-regression"
              }
            ]
          }
        }
      }
    ],
    [
      "fixed",
      1,
      {
        "Tree": {
          "count": 0,
          "tree": {}
        }
      }
    ],
    [
      "fixed",
      1,
      {
        "RootResults": {
          "count": 1,
          "results": {
            "build failed (unknown)": [
              {
                "color_idx": 1,
                "name": "beta-fixed (local)",
                "res": "fixed",
                "runs": [
                  {
                    "color_idx": 0,
                    "log": "stable/local/beta-fixed",
                    "name_idx": 2
                  },
                  {
                    "color_idx": 7,
                    "log": "beta/local/beta-fixed",
                    "name_idx": 0
                  }
                ],
                "url": "https://github.com/rust-lang/crater/tree/HEAD/local-crates/beta-fixed"
              },
              {
                "color_idx": 1,
                "name": "network-access (local)",
                "res": "fixed",
                "runs": [
                  {
                    "color_idx": 0,
                    "log": "stable/local/network-access",
                    "name_idx": 2
                  },
                  {
                    "color_idx": 3,
                    "log": "beta/local/network-access",
                    "name_idx": 5
                  }
                ],
                "url": "https://github.com/rust-lang/crater/tree/HEAD/local-crates/network-access"
              }
            ]
          }
        }
      }
    ],
    [
      "broken",
      2,
      {
        "Plain": [
          {
            "color_idx": 2,
            "name": "broken-cargotoml (local)",
            "res": "broken",
            "runs": [
              {
                "color_idx": 2,
                "log": "stable/local/broken-cargotoml",
                "name_idx": 6
              },
              {
                "color_idx": 2,
                "log": "beta/local/broken-cargotoml",
                "name_idx": 6
              }
            ],
            "url": "https://github.com/rust-lang/crater/tree/HEAD/local-crates/broken-cargotoml"
          },
          {
            "color_idx": 2,
            "name": "yanked-deps (local)",
            "res": "broken",
            "runs": [
              {
                "color_idx": 2,
                "log": "stable/local/yanked-deps",
                "name_idx": 7
              },
              {
                "color_idx": 2,
                "log": "beta/local/yanked-deps",
                "name_idx": 7
              }
            ],
            "url": "https://github.com/rust-lang/crater/tree/HEAD/local-crates/yanked-deps"
          }
        ]
      }
    ],
    [
      "build-fail",
      3,
      {
        "Plain": [
          {
            "color_idx": 3,
            "name": "build-fail (local)",
            "res": "build-fail",
            "runs": [
              {
                "color_idx": 0,
                "log": "stable/local/build-fail",
                "name_idx": 2
              },
              {
                "color_idx": 0,
                "log": "beta/local/build-fail",
                "name_idx": 2
              }
            ],
            "url": "https://github.com/rust-lang/crater/tree/HEAD/local-crates/build-fail"
          },
          {
            "color_idx": 3,
            "name": "faulty-deps (local)",
            "res": "build-fail",
            "runs": [
              {
                "color_idx": 0,
                "log": "stable/local/faulty-deps",
                "name_idx": 1
              },
              {
                "color_idx": 0,
                "log": "beta/local/faulty-deps",
                "name_idx": 1
              }
            ],
            "url": "https://github.com/rust-lang/crater/tree/HEAD/local-crates/faulty-deps"
          }
        ]
      }
    ],
    [
      "test-pass",
      4,
      {
        "Plain": [
          {
            "color_idx": 4,
            "name": "build-pass (local)",
            "res": "test-pass",
            "runs": [
              {
                "color_idx": 7,
                "log": "stable/local/build-pass",
                "name_idx": 0
              },
              {
                "color_idx": 7,
                "log": "beta/local/build-pass",
                "name_idx": 0
              }
            ],
            "url": "https://github.com/rust-lang/crater/tree/HEAD/local-crates/build-pass"
          },
          {
            "color_idx": 4,
            "name": "clippy-warn (local)",
            "res": "test-pass",
            "runs": [
              {
                "color_idx": 7,
                "log": "stable/local/clippy-warn",
                "name_idx": 0
              },
              {
                "color_idx": 7,
                "log": "beta/local/clippy-warn",
                "name_idx": 0
              }
            ],
            "url": "https://github.com/rust-lang/crater/tree/HEAD/local-crates/clippy-warn"
          },
          {
            "color_idx": 4,
            "name": "docs-rs-features (local)",
            "res": "test-pass",
            "runs": [
              {
                "color_idx": 7,
                "log": "stable/local/docs-rs-features",
                "name_idx": 0
              },
              {
                "color_idx": 7,
                "log": "beta/local/docs-rs-features",
                "name_idx": 0
              }
            ],
            "url": "https://github.com/rust-lang/crater/tree/HEAD/local-crates/docs-rs-features"
          },
          {
            "color_idx": 4,
            "name": "missing-examples (local)",
            "res": "test-pass",
            "runs": [
              {
                "color_idx": 7,
                "log": "stable/local/missing-examples",
                "name_idx": 0
              },
              {
                "color_idx": 7,
                "log": "beta/local/missing-examples",
                "name_idx": 0
              }
            ],
            "url": "https://github.com/rust-lang/crater/tree/HEAD/local-crates/missing-examples"
          },
          {
            "color_idx": 4,
            "name": "outdated-lockfile (local)",
            "res": "test-pass",
            "runs": [
              {
                "color_idx": 7,
                "log": "stable/local/outdated-lockfile",
                "name_idx": 0
              },
              {
                "color_idx": 7,
                "log": "beta/local/outdated-lockfile",
                "name_idx": 0
              }
            ],
            "url": "https://github.com/rust-lang/crater/tree/HEAD/local-crates/outdated-lockfile"
          }
        ]
      }
    ],
    [
      "skipped",
      5,
      {
        "Plain": [
          {
            "color_idx": 5,
            "name": "memory-hungry (local)",
            "res": "skipped",
            "runs": [
              null,
              null
            ],
            "url": "https://github.com/rust-lang/crater/tree/HEAD/local-crates/memory-hungry"
          }
        ]
      }
    ],
    [
      "test-fail",
      6,
      {
        "Plain": [
          {
            "color_idx": 6,
            "name": "test-fail (local)",
            "res": "test-fail",
            "runs": [
              {
                "color_idx": 3,
                "log": "stable/local/test-fail",
                "name_idx": 5
              },
              {
                "color_idx": 3,
                "log": "beta/local/test-fail",
                "name_idx": 5
              }
            ],
            "url": "https://github.com/rust-lang/crater/tree/HEAD/local-crates/test-fail"
          }
        ]
      }
    ]
  ],
  "colors": [
    {
      "Single": "#db3026"
    },
    {
      "Single": "#5630db"
    },
    {
      "Single": "#44176e"
    },
    {
      "Single": "#65461e"
    },
    {
      "Single": "#72a156"
    },
    {
      "Striped": [
        "#494b4a",
        "#555555"
      ]
    },
    {
      "Single": "#788843"
    },
    {
      "Single": "#62a156"
    }
  ],
  "crates_count": 17,
  "full": true,
  "info": {
    "broken": 2,
    "build-fail": 2,
    "fixed": 2,
    "regressed": 4,
    "skipped": 1,
    "test-fail": 1,
    "test-pass": 5
  },
  "nav": [
    {
      "active": false,
      "label": "Summary",
      "url": "index.html"
    },
    {
      "active": true,
      "label": "Full report",
      "url": "full.html"
    },
    {
      "active": false,
      "label": "Downloads",
      "url": "downloads.html"
    }
  ],
  "result_names": [
    "test passed",
    "build faulty deps",
    "build failed (unknown)",
    "build compiler error",
    "build ICE",
    "test failed (unknown)",
    "broken Cargo.toml",
    "deps yanked"
  ]
}
