{
  "categories": [
    [
      "regressed",
      0,
      {
        "Tree": {
          "count": 1,
          "tree": {
            "rust-lang/crater/f190933e896443e285e3bb6962fb87d7439b8d65": [
              {
                "color_idx": 0,
                "name": "beta-faulty-deps (local)",
                "res": "regressed",
                "runs": [
                  {
                    "color_idx": 7,
                    "log": "stable/local/beta-faulty-deps",
                    "name_idx": 0
                  },
                  {
                    "color_idx": 0,
                    "log": "beta/local/beta-faulty-deps",
                    "name_idx": 1
                  }
                ],
                "url": "https://github.com/rust-lang/crater/tree/HEAD/local-crates/beta-faulty-deps"
              }
            ]
          }
        }
      }
    ],
    [
      "regressed",
      0,
      {
        "RootResults": {
          "count": 3,
          "results": {
            "build ICE": [
              {
                "color_idx": 0,
                "name": "ice-regression (local)",
                "res": "regressed",
                "runs": [
                  {
                    "color_idx": 0,
                    "log": "stable/local/ice-regression",
                    "name_idx": 3
                  },
                  {
                    "color_idx": 0,
                    "log": "beta/local/ice-regression",
                    "name_idx": 4
                  }
                ],
                "url": "https://github.com/rust-lang/crater/tree/HEAD/local-crates/ice-regression"
              }
            ],
            "build compiler-error(E0015)": [
              {
                "color_idx": 0,
                "name": "error-code (local)",
                "res": "regressed",
                "runs": [
                  {
                    "color_idx": 7,
                    "log": "stable/local/error-code",
                    "name_idx": 0
                  },
                  {
                    "color_idx": 0,
                    "log": "beta/local/error-code",
                    "name_idx": 3
                  }
                ],
                "url": "https://github.com/rust-lang/crater/tree/HEAD/local-crates/error-code"
              }
            ],
            "build failed (unknown)": [
              {
                "color_idx": 0,
                "name": "beta-regression (local)",
                "res": "regressed",
                "runs": [
                  {
                    "color_idx": 7,
                    "log": "stable/local/beta-regression",
                    "name_idx": 0
                  },
                  {
                    "color_idx": 0,
                    "log": "beta/local/beta-regression",
                    "name_idx": 2
                  }
                ],
                "url": "https://github.com/rust-lang/crater/tree/HEAD/local-crates/beta-regression"
              }
            ]
          }
        }
      }
    ],
    [
      "fixed",
      1,
      {
        "Tree": {
          "count": 0,
          "tree": {}
        }
      }
    ],
    [
      "fixed",
      1,
      {
        "RootResults": {
          "count": 1,
          "results": {
            "build failed (unknown)": [
              {
                "color_idx": 1,
                "name": "beta-fixed (local)",
                "res": "fixed",
                "runs": [
                  {
                    "color_idx": 0,
                    "log": "stable/local/beta-fixed",
                    "name_idx": 2
                  },
                  {
                    "color_idx": 7,
                    "log": "beta/local/beta-fixed",
                    "name_idx": 0
                  }
                ],
                "url": "https://github.com/rust-lang/crater/tree/HEAD/local-crates/beta-fixed"
              },
              {
                "color_idx": 1,
                "name": "network-access (local)",
                "res": "fixed",
                "runs": [
                  {
                    "color_idx": 0,
                    "log": "stable/local/network-access",
                    "name_idx": 2
                  },
                  {
                    "color_idx": 3,
                    "log": "beta/local/network-access",
                    "name_idx": 5
                  }
                ],
                "url": "https://github.com/rust-lang/crater/tree/HEAD/local-crates/network-access"
              }
            ]
          }
        }
      }
    ]
  ],
  "colors": [
    {
      "Single": "#db3026"
    },
    {
      "Single": "#5630db"
    },
    {
      "Single": "#44176e"
    },
    {
      "Single": "#65461e"
    },
    {
      "Single": "#72a156"
    },
    {
      "Striped": [
        "#494b4a",
        "#555555"
      ]
    },
    {
      "Single": "#788843"
    },
    {
      "Single": "#62a156"
    }
  ],
  "crates_count": 17,
  "full": false,
  "info": {
    "broken": 2,
    "build-fail": 2,
    "fixed": 2,
    "regressed": 4,
    "skipped": 1,
    "test-fail": 1,
    "test-pass": 5
  },
  "nav": [
    {
      "active": true,
      "label": "Summary",
      "url": "index.html"
    },
    {
      "active": false,
      "label": "Full report",
      "url": "full.html"
    },
    {
      "active": false,
      "label": "Downloads",
      "url": "downloads.html"
    }
  ],
  "result_names": [
    "test passed",
    "build faulty deps",
    "build failed (unknown)",
    "build compiler error",
    "build ICE",
    "test failed (unknown)"
  ]
}
