{
  "crates": [
    {
      "krate": {
        "Local": "beta-faulty-deps"
      },
      "name": "beta-faulty-deps (local)",
      "res": "regressed",
      "runs": [
        {
          "log": "stable/local/beta-faulty-deps",
          "res": "test-pass"
        },
        {
          "log": "beta/local/beta-faulty-deps",
          "res": "build-fail:depends-on(gh/rust-lang/crater/f190933e896443e285e3bb6962fb87d7439b8d65)"
        }
      ],
      "url": "https://github.com/rust-lang/crater/tree/master/local-crates/beta-faulty-deps"
    },
    {
      "krate": {
        "Local": "beta-fixed"
      },
      "name": "beta-fixed (local)",
      "res": "fixed",
      "runs": [
        {
          "log": "stable/local/beta-fixed",
          "res": "build-fail:unknown"
        },
        {
          "log": "beta/local/beta-fixed",
          "res": "test-pass"
        }
      ],
      "url": "https://github.com/rust-lang/crater/tree/master/local-crates/beta-fixed"
    },
    {
      "krate": {
        "Local": "beta-regression"
      },
      "name": "beta-regression (local)",
      "res": "regressed",
      "runs": [
        {
          "log": "stable/local/beta-regression",
          "res": "test-pass"
        },
        {
          "log": "beta/local/beta-regression",
          "res": "build-fail:unknown"
        }
      ],
      "url": "https://github.com/rust-lang/crater/tree/master/local-crates/beta-regression"
    },
    {
      "krate": {
        "Local": "broken-cargotoml"
      },
      "name": "broken-cargotoml (local)",
      "res": "broken",
      "runs": [
        {
          "log": "stable/local/broken-cargotoml",
          "res": "broken:cargo-toml"
        },
        {
          "log": "beta/local/broken-cargotoml",
          "res": "broken:cargo-toml"
        }
      ],
      "url": "https://github.com/rust-lang/crater/tree/master/local-crates/broken-cargotoml"
    },
    {
      "krate": {
        "Local": "build-fail"
      },
      "name": "build-fail (local)",
      "res": "build-fail",
      "runs": [
        {
          "log": "stable/local/build-fail",
          "res": "build-fail:unknown"
        },
        {
          "log": "beta/local/build-fail",
          "res": "build-fail:unknown"
        }
      ],
      "url": "https://github.com/rust-lang/crater/tree/master/local-crates/build-fail"
    },
    {
      "krate": {
        "Local": "build-pass"
      },
      "name": "build-pass (local)",
      "res": "test-pass",
      "runs": [
        {
          "log": "stable/local/build-pass",
          "res": "test-pass"
        },
        {
          "log": "beta/local/build-pass",
          "res": "test-pass"
        }
      ],
      "url": "https://github.com/rust-lang/crater/tree/master/local-crates/build-pass"
    },
    {
      "krate": {
        "Local": "build-script-fail"
      },
      "name": "build-script-fail (local)",
      "res": "build-fail",
      "runs": [
        {
          "log": "stable/local/build-script-fail",
          "res": "build-fail:build-script"
        },
        {
          "log": "beta/local/build-script-fail",
          "res": "build-fail:build-script"
        }
      ],
      "url": "https://github.com/rust-lang/crater/tree/master/local-crates/build-script-fail"
    },
    {
      "krate": {
        "Local": "clippy-warn"
      },
      "name": "clippy-warn (local)",
      "res": "test-pass",
      "runs": [
        {
          "log": "stable/local/clippy-warn",
          "res": "test-pass"
        },
        {
          "log": "beta/local/clippy-warn",
          "res": "test-pass"
        }
      ],
      "url": "https://github.com/rust-lang/crater/tree/master/local-crates/clippy-warn"
    },
    {
      "krate": {
        "Local": "docs-rs-features"
      },
      "name": "docs-rs-features (local)",
      "res": "test-pass",
      "runs": [
        {
          "log": "stable/local/docs-rs-features",
          "res": "test-pass"
        },
        {
          "log": "beta/local/docs-rs-features",
          "res": "test-pass"
        }
      ],
      "url": "https://github.com/rust-lang/crater/tree/master/local-crates/docs-rs-features"
    },
    {
      "krate": {
        "Local": "error-code"
      },
      "name": "error-code (local)",
      "res": "regressed",
      "runs": [
        {
          "log": "stable/local/error-code",
          "res": "test-pass"
        },
        {
          "log": "beta/local/error-code",
          "res": "build-fail:compiler-error(E0013, E0015)"
        }
      ],
      "url": "https://github.com/rust-lang/crater/tree/master/local-crates/error-code"
    },
    {
      "krate": {
        "Local": "faulty-deps"
      },
      "name": "faulty-deps (local)",
      "res": "build-fail",
      "runs": [
        {
          "log": "stable/local/faulty-deps",
          "res": "build-fail:depends-on(reg/lazy_static/0.1.0, gh/rust-lang/crater/c3f462bdab37a93c24b2b172b90564749e892cbc)"
        },
        {
          "log": "beta/local/faulty-deps",
          "res": "build-fail:depends-on(reg/lazy_static/0.1.0, gh/rust-lang/crater/c3f462bdab37a93c24b2b172b90564749e892cbc)"
        }
      ],
      "url": "https://github.com/rust-lang/crater/tree/master/local-crates/faulty-deps"
    },
    {
      "krate": {
        "Local": "ice-regression"
      },
      "name": "ice-regression (local)",
      "res": "regressed",
      "runs": [
        {
          "log": "stable/local/ice-regression",
          "res": "build-fail:compiler-error(E0425)"
        },
        {
          "log": "beta/local/ice-regression",
          "res": "build-fail:ice"
        }
      ],
      "url": "https://github.com/rust-lang/crater/tree/master/local-crates/ice-regression"
    },
    {
      "krate": {
        "Local": "memory-hungry"
      },
      "name": "memory-hungry (local)",
      "res": "skipped",
      "runs": [
        null,
        null
      ],
      "url": "https://github.com/rust-lang/crater/tree/master/local-crates/memory-hungry"
    },
    {
      "krate": {
        "Local": "missing-examples"
      },
      "name": "missing-examples (local)",
      "res": "test-pass",
      "runs": [
        {
          "log": "stable/local/missing-examples",
          "res": "test-pass"
        },
        {
          "log": "beta/local/missing-examples",
          "res": "test-pass"
        }
      ],
      "url": "https://github.com/rust-lang/crater/tree/master/local-crates/missing-examples"
    },
    {
      "krate": {
        "Local": "network-access"
      },
      "name": "network-access (local)",
      "res": "fixed",
      "runs": [
        {
          "log": "stable/local/network-access",
          "res": "build-fail:build-script"
        },
        {
          "log": "beta/local/network-access",
          "res": "test-fail:unknown"
        }
      ],
      "url": "https://github.com/rust-lang/crater/tree/master/local-crates/network-access"
    },
    {
      "krate": {
        "Local": "outdated-lockfile"
      },
      "name": "outdated-lockfile (local)",
      "res": "test-pass",
      "runs": [
        {
          "log": "stable/local/outdated-lockfile",
          "res": "test-pass"
        },
        {
          "log": "beta/local/outdated-lockfile",
          "res": "test-pass"
        }
      ],
      "url": "https://github.com/rust-lang/crater/tree/master/local-crates/outdated-lockfile"
    },
    {
      "krate": {
        "Local": "test-fail"
      },
      "name": "test-fail (local)",
      "res": "test-fail",
      "runs": [
        {
          "log": "stable/local/test-fail",
          "res": "test-fail:unknown"
        },
        {
          "log": "beta/local/test-fail",
          "res": "test-fail:unknown"
        }
      ],
      "url": "https://github.com/rust-lang/crater/tree/master/local-crates/test-fail"
    },
    {
      "krate": {
        "Local": "yanked-deps"
      },
      "name": "yanked-deps (local)",
      "res": "broken",
      "runs": [
        {
          "log": "stable/local/yanked-deps",
          "res": "broken:yanked"
        },
        {
          "log": "beta/local/yanked-deps",
          "res": "broken:yanked"
        }
      ],
      "url": "https://github.com/rust-lang/crater/tree/master/local-crates/yanked-deps"
    }
  ]
}
