{
  "categories": [
    [
      "regressed",
      {
        "Complete": {
          "orphans": [],
          "res": [
            [
              {
                "krate": {
                  "Local": "beta-regression"
                },
                "name": "beta-regression (local)",
                "res": "regressed",
                "runs": [
                  {
                    "log": "stable/local/beta-regression",
                    "res": "test-pass"
                  },
                  {
                    "log": "beta/local/beta-regression",
                    "res": "build-fail:unknown"
                  }
                ],
                "url": "https://github.com/rust-lang/crater/tree/HEAD/local-crates/beta-regression"
              },
              []
            ]
          ]
        }
      }
    ]
  ],
  "crates_count": 2,
  "full": false,
  "info": {
    "regressed": 1,
    "test-pass": 1
  }
}
