{
  "crates": [
    {
      "krate": {
        "Local": "beta-regression"
      },
      "name": "beta-regression (local)",
      "res": "regressed",
      "runs": [
        {
          "log": "stable/local/beta-regression",
          "res": "test-pass"
        },
        {
          "log": "beta/local/beta-regression",
          "res": "build-fail:unknown"
        }
      ],
      "url": "https://github.com/rust-lang/crater/tree/HEAD/local-crates/beta-regression"
    },
    {
      "krate": {
        "Local": "build-pass"
      },
      "name": "build-pass (local)",
      "res": "test-pass",
      "runs": [
        {
          "log": "stable/local/build-pass",
          "res": "test-pass"
        },
        {
          "log": "beta/local/build-pass",
          "res": "test-pass"
        }
      ],
      "url": "https://github.com/rust-lang/crater/tree/HEAD/local-crates/build-pass"
    }
  ]
}
